==========================================
job   : 660632 on rocky.tech.cornell.edu
start : Tue Sep 29 05:49:51 PM EDT 2026
config: seeds=88092 fanout=40,20 layers=2 batch=100 iters=200
==========================================
name, memory.total [MiB], power.limit [W]
NVIDIA L4, 23034 MiB, 72.00 W
8
--- memory before ---
               total        used        free      shared  buff/cache   available
Mem:            1007         216         508           0         287         791
Swap:              3           0           3
[run] device=cuda  seeds=88092  fanout=[40, 20]
[graph] CSR resident: rowptr 121,751,667 col 2,595,497,852  (4s)
[graph] reading 187 GB feature table into RAM, this takes a while ...
[graph] features RESIDENT (121751666, 768) float16 (187.0 GB in RAM, 0.7 min)
[run] 881 batches available, 2 warmup + 200 measured
[check] batch nodes=39,611 from 100 seeds  (x396.1)
[check] edges=46,318  x=(39611, 768)  out=(39611, 153)
[check] first 10 predicted classes: [93, 109, 91, 91, 65, 91, 12, 24, 82, 12]

============================================================
attribution drift: median 0.16%  max 0.29%
attribution OK
------------------------------------------------------------
tag                 : sweep_f40x20_660632
seeds_total         : 20000
batch_size          : 100
fanout              : 40,20
layers              : 2
hidden              : 256
iters               : 200
sample_ms           : 4.4804
gather_ms           : 13.2304
transfer_ms         : 3.7922
compute_ms          : 8.9034
wall_ms             : 30.3493
drift_pct           : 0.1599
nodes_per_batch     : 34557.0000
mb_moved            : 53.0796
throughput_qps      : 3231.0156
mean_power_w        : 46.4542
energy_j            : 284.8084
energy_mj_per_seed  : 14.2404
power_samples       : 122
peak_gpu_gb         : 0.6022
------------------------------------------------------------
  sample     14.7%  #######
  gather     43.5%  #####################
  transfer   12.5%  ######
  compute    29.3%  ##############
============================================================
wrote results to results/
--- memory after ---
               total        used        free      shared  buff/cache   available
Mem:            1007          19         704           0         287         987
Swap:              3           0           3
end   : Tue Sep 29 05:50:46 PM EDT 2026
archived to /share/gupta/ak2877/gnn/results/sweep_f40x20_660632
total 84
drwxr-sr-x  2 ak2877 en-cc-unicorn-gupta-users  4096 Sep 29 17:50 .
drwxr-sr-x 14 ak2877 en-cc-unicorn-gupta-users  4096 Sep 29 17:50 ..
-rw-r--r--  1 ak2877 en-cc-unicorn-gupta-users   100 Sep 29 17:50 hardware.txt
-rw-r--r--  1 ak2877 en-cc-unicorn-gupta-users   392 Sep 29 17:50 run.txt
-rw-r--r--  1 ak2877 en-cc-unicorn-gupta-users 18786 Sep 29 17:50 sage_mag240m.py
-rw-r--r--  1 ak2877 en-cc-unicorn-gupta-users  2366 Sep 29 17:50 sage_mem_660632.err
-rw-r--r--  1 ak2877 en-cc-unicorn-gupta-users  2377 Sep 29 17:50 sage_mem_660632.out
-rw-r--r--  1 ak2877 en-cc-unicorn-gupta-users  4189 Sep 29 17:50 summary.csv
-rw-r--r--  1 ak2877 en-cc-unicorn-gupta-users 30795 Sep 29 17:50 sweep_f40x20_660632_periter.csv
