==========================================
job   : 660627 on rocky.tech.cornell.edu
start : Tue Sep 29 05:48:01 PM EDT 2026
config: seeds=88092 fanout=5,5 layers=2 batch=100 iters=200
==========================================
name, memory.total [MiB], power.limit [W]
NVIDIA L4, 23034 MiB, 72.00 W
8
--- memory before ---
               total        used        free      shared  buff/cache   available
Mem:            1007          18         706           0         287         988
Swap:              3           0           3
[run] device=cuda  seeds=88092  fanout=[5, 5]
[graph] CSR resident: rowptr 121,751,667 col 2,595,497,852  (4s)
[graph] reading 187 GB feature table into RAM, this takes a while ...
[graph] features RESIDENT (121751666, 768) float16 (187.0 GB in RAM, 0.7 min)
[run] 881 batches available, 2 warmup + 200 measured
[check] batch nodes=2,575 from 100 seeds  (x25.8)
[check] edges=2,566  x=(2575, 768)  out=(2575, 153)
[check] first 10 predicted classes: [70, 104, 59, 5, 118, 80, 5, 104, 79, 78]

============================================================
attribution drift: median 1.47%  max 2.43%
attribution OK
------------------------------------------------------------
tag                 : sweep_f5x5_660627
seeds_total         : 20000
batch_size          : 100
fanout              : 5,5
layers              : 2
hidden              : 256
iters               : 200
sample_ms           : 0.4295
gather_ms           : 0.5267
transfer_ms         : 0.3238
compute_ms          : 0.4517
wall_ms             : 1.7654
drift_pct           : 1.4706
nodes_per_batch     : 2506.0000
mb_moved            : 3.8492
throughput_qps      : 55428.2435
mean_power_w        : 21.8006
energy_j            : 6.5582
energy_mj_per_seed  : 0.3279
power_samples       : 7
peak_gpu_gb         : 0.0480
------------------------------------------------------------
  sample     24.8%  ############
  gather     30.4%  ###############
  transfer   18.7%  #########
  compute    26.1%  #############
============================================================
wrote results to results/
--- memory after ---
               total        used        free      shared  buff/cache   available
Mem:            1007          22         702           0         287         984
Swap:              3           0           3
end   : Tue Sep 29 05:48:53 PM EDT 2026
archived to /share/gupta/ak2877/gnn/results/sweep_f5x5_660627
total 80
drwxr-sr-x  2 ak2877 en-cc-unicorn-gupta-users  4096 Sep 29 17:48 .
drwxr-sr-x 11 ak2877 en-cc-unicorn-gupta-users  4096 Sep 29 17:48 ..
-rw-r--r--  1 ak2877 en-cc-unicorn-gupta-users   100 Sep 29 17:48 hardware.txt
-rw-r--r--  1 ak2877 en-cc-unicorn-gupta-users   390 Sep 29 17:48 run.txt
-rw-r--r--  1 ak2877 en-cc-unicorn-gupta-users 18786 Sep 29 17:48 sage_mag240m.py
-rw-r--r--  1 ak2877 en-cc-unicorn-gupta-users  2366 Sep 29 17:48 sage_mem_660627.err
-rw-r--r--  1 ak2877 en-cc-unicorn-gupta-users  2357 Sep 29 17:48 sage_mem_660627.out
-rw-r--r--  1 ak2877 en-cc-unicorn-gupta-users  3391 Sep 29 17:48 summary.csv
-rw-r--r--  1 ak2877 en-cc-unicorn-gupta-users 31252 Sep 29 17:48 sweep_f5x5_660627_periter.csv
