==========================================
job   : 648593 on rocky.tech.cornell.edu
start : Tue Sep 29 02:54:29 PM EDT 2026
config: seeds=88092 fanout=15,10 layers=2 batch=100 iters=200
==========================================
name, memory.total [MiB], power.limit [W]
NVIDIA L4, 23034 MiB, 72.00 W
8
--- memory before ---
               total        used        free      shared  buff/cache   available
Mem:            1007          15         715           0         281         991
Swap:              3           0           3
[run] device=cuda  seeds=88092  fanout=[15, 10]
[graph] CSR resident: rowptr 121,751,667 col 2,595,497,852  (3s)
[graph] reading 187 GB feature table into RAM, this takes a while ...
[graph] features RESIDENT (121751666, 768) float16 (187.0 GB in RAM, 0.7 min)
[run] 881 batches available, 2 warmup + 200 measured
[check] batch nodes=11,934 from 100 seeds  (x119.3)
[check] edges=12,889  x=(11934, 768)  out=(11934, 153)
[check] first 10 predicted classes: [56, 148, 56, 82, 4, 2, 45, 82, 101, 103]

============================================================
attribution drift: median 0.39%  max 0.51%
attribution OK
------------------------------------------------------------
tag                 : sweep_b100_648593
seeds_total         : 20000
batch_size          : 100
fanout              : 15,10
layers              : 2
hidden              : 256
iters               : 200
sample_ms           : 1.4412
gather_ms           : 2.3227
transfer_ms         : 1.2295
compute_ms          : 2.3100
wall_ms             : 7.3863
drift_pct           : 0.3884
nodes_per_batch     : 11092.0000
mb_moved            : 17.0373
throughput_qps      : 13226.4295
mean_power_w        : 41.1093
energy_j            : 59.8809
energy_mj_per_seed  : 2.9940
power_samples       : 30
peak_gpu_gb         : 0.1794
------------------------------------------------------------
  sample     19.7%  #########
  gather     31.8%  ###############
  transfer   16.8%  ########
  compute    31.6%  ###############
============================================================
wrote results to results/
--- memory after ---
               total        used        free      shared  buff/cache   available
Mem:            1007         189         541           0         281         818
Swap:              3           0           3
end   : Tue Sep 29 02:55:21 PM EDT 2026
archived to /share/gupta/ak2877/gnn/results/sweep_b100_648593
total 76
drwxr-sr-x 2 ak2877 en-cc-unicorn-gupta-users  4096 Sep 29 14:55 .
drwxr-sr-x 5 ak2877 en-cc-unicorn-gupta-users    93 Sep 29 14:55 ..
-rw-r--r-- 1 ak2877 en-cc-unicorn-gupta-users   100 Sep 29 14:55 hardware.txt
-rw-r--r-- 1 ak2877 en-cc-unicorn-gupta-users   392 Sep 29 14:55 run.txt
-rw-r--r-- 1 ak2877 en-cc-unicorn-gupta-users 18786 Sep 29 14:55 sage_mag240m.py
-rw-r--r-- 1 ak2877 en-cc-unicorn-gupta-users  2366 Sep 29 14:55 sage_mem_648593.err
-rw-r--r-- 1 ak2877 en-cc-unicorn-gupta-users  2370 Sep 29 14:55 sage_mem_648593.out
-rw-r--r-- 1 ak2877 en-cc-unicorn-gupta-users  1789 Sep 29 14:55 summary.csv
-rw-r--r-- 1 ak2877 en-cc-unicorn-gupta-users 31349 Sep 29 14:55 sweep_b100_648593_periter.csv
